49999

1 30.66608715057373
2 30.679975986480713
3 30.67726182937622
4 30.68441653251648
5 30.68410086631775
6 30.68146252632141
7 30.674596071243286
8 30.67741060256958
9 30.678788423538208
10 30.677918910980225
11 30.68365502357483
12 30.684218645095825
13 30.676530599594116
14 30.681270599365234
15 30.68278193473816
16 30.68355441093445
17 30.684077262878418
18 30.686058521270752
19 30.68501305580139
20 30.689604997634888
21 30.688848733901978
22 30.688308238983154
23 30.689552307128906
24 30.69790816307068
25 30.693098068237305
26 30.69807767868042
27 30.69519543647766
28 30.69976782798767
29 30.704628944396973
30 30.698883771896362
31 30.714550018310547
32 30.7153799533844
33 30.709288120269775
34 30.704617977142334
35 30.705240726470947
36 30.701783418655396
37 30.700007438659668
38 30.698310375213623
39 30.697044372558594
40 30.701009273529053
41 30.69938564300537
42 30.701310634613037
43 30.70317840576172
44 30.700847387313843
45 30.702104091644287
46 30.698437690734863
47 30.700159072875977
48 30.703401803970337
49 30.702505588531494
50 30.704902172088623
51 30.698811531066895
52 30.701300621032715
53 30.707534790039062
54 30.705328464508057
55 30.700366735458374
56 30.696289777755737
57 30.696521520614624
58 30.696112871170044
59 30.697508096694946
60 30.6964430809021
61 30.698910236358643
62 30.70103645324707
63 30.699946403503418
64 30.69429874420166
65 30.688737869262695
66 30.686641454696655
67 30.68640923500061
68 30.689955234527588
69 30.687456369400024
70 30.685450315475464
71 30.68653917312622
72 30.68590259552002
73 30.692667245864868
74 30.70119047164917
75 30.70393681526184
76 30.701577186584473
77 30.701016664505005
78 30.69127321243286
79 30.688899040222168
80 30.690980195999146
81 30.68872880935669
82 30.687073469161987
83 30.685142755508423
84 30.686145067214966
85 30.693803310394287
86 30.6894748210907
87 30.68951725959778
88 30.693345546722412
89 30.68835210800171
90 30.689354419708252
91 30.680893659591675
92 30.682595252990723
93 30.686677932739258
94 30.6839017868042
95 30.78114342689514
96 30.688169240951538
97 30.687134742736816
98 30.68020510673523
99 30.683393478393555
100 30.683658123016357
101 30.68328881263733
102 30.678627729415894
103 30.687974452972412
104 30.686972856521606
105 30.686038970947266
106 30.686472415924072
107 30.68878698348999
108 30.689858198165894
109 30.68694305419922
110 30.689266204833984
111 30.6893789768219
112 30.690144300460815
113 30.69331669807434
114 30.686120748519897
115 30.681037425994873
116 30.689104080200195
117 30.70132851600647
118 30.711710929870605
119 30.713733673095703

99999

1 31.127729177474976
2 30.985612869262695
3 31.18343687057495
4 31.21940803527832
5 31.925539016723633
6 31.949296474456787
7 31.25802731513977
8 31.144851446151733
9 31.234819412231445
10 31.668015956878662
11 31.138400554656982
12 31.34370470046997
13 31.279499053955078
14 31.19194459915161
15 31.475197076797485
16 31.133408546447754
17 30.913878202438354
18 31.12794542312622
19 31.26192331314087
20 31.239392518997192
21 31.209866046905518
22 31.08231019973755
23 30.972330570220947
24 31.34242272377014
25 31.3964262008667
26 31.3278751373291
27 31.138314247131348
28 30.905283212661743
29 31.535649061203003
30 31.559991598129272
31 32.09175658226013
32 32.3308527469635
33 32.16234111785889
34 32.33865547180176
35 31.803014516830444
36 31.688863277435303
37 31.877917289733887
38 31.51220726966858
39 32.01675033569336
40 32.04513716697693
41 32.214253664016724
42 32.0213668346405
43 31.951918601989746
44 32.060829877853394
45 31.611228942871094
46 31.151498317718506
47 30.926034212112427
48 31.051850080490112
49 30.98646593093872
50 31.48273229598999
51 31.268310070037842
52 31.391591548919678
53 31.355244636535645
54 31.508728504180908
55 31.31013584136963
56 31.164407968521118
57 31.32761240005493
58 32.66700601577759
59 32.027873516082764
60 30.965694189071655
61 30.8806369304657
62 30.903318166732788
63 30.884063243865967
64 30.943814039230347
65 31.48782467842102
66 32.189722299575806
67 31.83599042892456
68 31.38810634613037
69 31.138877153396606
70 32.12228083610535
71 31.657550811767578
72 31.287795066833496
73 31.45898962020874
74 31.300559997558594
75 31.112414360046387
76 31.708590269088745
77 32.09475541114807
78 31.466767072677612
79 31.266687393188477
80 31.38267946243286
81 31.984346389770508
82 31.512012243270874
83 31.14569401741028
84 30.97945523262024
85 31.949151039123535
86 32.03898763656616
87 32.290719509124756
88 31.78074336051941
89 31.205472230911255
90 31.72165274620056
91 31.865464687347412
92 30.936965703964233
93 31.72760248184204
94 31.481789112091064
95 31.59652066230774
96 30.919695377349854
97 30.920730352401733
98 30.91358184814453
99 30.966442823410034
100 31.096498250961304
101 31.38343334197998
102 32.109107971191406
103 31.748533010482788
104 31.61469531059265
105 31.596253395080566
106 31.087601900100708
107 31.181304693222046
108 31.36204218864441
109 31.3728084564209
110 31.96156883239746
111 31.246191024780273
112 31.439406394958496
113 31.5781147480011
114 31.164928674697876
115 31.19442391395569
116 31.29842734336853
117 31.389756441116333
118 31.74790930747986
119 31.498801469802856

149999

1 30.876730918884277
2 30.929036140441895
3 31.13318181037903
4 31.076128005981445
5 31.43316149711609
6 31.368566513061523
7 31.20238757133484
8 31.10364007949829
9 31.02070188522339
10 30.898894548416138
11 30.91881227493286
12 30.923091650009155
13 30.902300357818604
14 31.04366707801819
15 31.35349678993225
16 31.20299482345581
17 31.481977939605713
18 30.99846124649048
19 31.004752159118652
20 31.06225609779358
21 31.014262437820435
22 31.29308557510376
23 31.284648895263672
24 31.57509136199951
25 30.97086262702942
26 31.222715139389038
27 31.29817223548889
28 31.074090480804443
29 30.883432388305664
30 30.889495849609375
31 30.888158082962036
32 31.088703155517578
33 31.007065296173096
34 31.24991011619568
35 31.666489362716675
36 32.18801498413086
37 31.783491849899292
38 32.007471799850464
39 31.733771800994873
40 31.668376684188843
41 31.454453229904175
42 31.72217845916748
43 31.477262020111084
44 31.314780235290527
45 31.6960027217865
46 31.96787929534912
47 31.751832485198975
48 31.728415966033936
49 32.01825022697449
50 31.292205095291138
51 31.540186166763306
52 31.584420919418335
53 31.523768186569214
54 31.772303819656372
55 31.60971999168396
56 31.272050142288208
57 31.15028476715088
58 31.91502547264099
59 31.167667150497437
60 31.49418830871582
61 31.805314302444458
62 31.324976444244385
63 31.009912252426147
64 31.005088329315186
65 30.95951199531555
66 32.03152251243591
67 31.315590143203735
68 31.369388580322266
69 30.90717387199402
70 31.32664680480957
71 31.88261342048645
72 32.12561368942261
73 31.5697820186615
74 31.363880395889282
75 31.01397728919983
76 31.716458797454834
77 31.383602619171143
78 31.684017658233643
79 31.37165856361389
80 31.89927625656128
81 31.121784210205078
82 31.503576040267944
83 31.539731979370117
84 31.103527545928955
85 31.244770050048828
86 30.995819568634033
87 31.08031129837036
88 31.64305090904236
89 31.485187292099
90 31.354678869247437
91 31.69915223121643
92 30.93669867515564
93 31.01997971534729
94 31.018292665481567
95 31.11077642440796
96 31.77675724029541
97 31.524975538253784
98 31.31620693206787
99 31.3610999584198
100 31.123753309249878
101 31.095621824264526
102 31.089147090911865
103 30.907062292099
104 31.538103818893433
105 31.626845121383667
106 31.203768968582153
107 31.56221580505371
108 31.56836986541748
109 31.137072563171387
110 31.080758333206177
111 31.298620462417603
112 31.68388080596924
113 31.901691675186157
114 31.667915105819702
115 31.351714372634888
116 31.053192615509033
117 31.40736722946167
118 31.002480506896973
119 31.09033703804016

199999
1 30.98679232597351
2 30.882558822631836
3 31.27782368659973
4 31.181303024291992
5 31.065361976623535
6 31.23591709136963
7 30.957853078842163
8 31.45196294784546
9 30.9890615940094
10 32.201101779937744
11 31.275995016098022
12 31.147714614868164
13 31.57961654663086
14 31.527419805526733
15 31.301774501800537
16 32.10020399093628
17 31.43489360809326
18 32.522170066833496
19 31.732740879058838
20 32.08603072166443
21 31.689526557922363
22 31.34795618057251
23 31.5985426902771
24 32.1699857711792
25 31.444546937942505
26 31.353988885879517
27 31.379777669906616
28 31.949873208999634
29 31.123575448989868
30 30.988651275634766
31 30.918004512786865
32 31.00487232208252
33 30.980562925338745
34 31.02050471305847
35 32.444392681121826
36 31.132166385650635
37 31.042803049087524
38 31.335808515548706
39 31.2370707988739
40 31.384425163269043
41 31.505736589431763
42 31.225268840789795
43 31.72206711769104
44 31.322781801223755
45 31.21470284461975
46 31.113480806350708
47 31.40022301673889
48 30.872347354888916
49 31.204819679260254
50 31.40856432914734
51 31.164738416671753
52 31.43982982635498
53 31.625931978225708
54 31.51934266090393
55 31.579542636871338
56 30.956778287887573
57 30.89771556854248
58 30.95174551010132
59 31.01904797554016
60 30.927046537399292
61 31.014633655548096
62 31.107425928115845
63 31.164695739746094
64 31.44090485572815
65 31.192861080169678
66 31.266317129135132
67 31.675735235214233
68 31.773918867111206
69 31.210477352142334
70 31.613346576690674
71 31.939148426055908
72 31.65672206878662
73 31.06435775756836
74 31.426345109939575
75 30.93486523628235
76 31.002346992492676
77 31.77749514579773
78 31.25313973426819
79 31.642307996749878
80 31.830583095550537
81 31.252556085586548
82 31.04978036880493
83 31.50705337524414
84 31.277255058288574
85 31.683176517486572
86 31.263041734695435
87 31.698415279388428
88 31.51928424835205
89 31.741788625717163
90 31.789554119110107
91 31.27296018600464
92 31.379774808883667
93 31.080512523651123
94 31.811165809631348
95 31.678203105926514
96 31.909963130950928
97 31.527793169021606
98 32.03298473358154
99 31.663793563842773
100 31.55576205253601
101 30.872251510620117
102 31.219372749328613
103 31.211711883544922
104 30.977505207061768
105 31.44395875930786
106 31.96369504928589
107 31.679104566574097
108 31.19590973854065
109 31.802408456802368
110 31.324495553970337
111 31.043278217315674
112 31.25534987449646
113 31.604998350143433
114 31.2623188495636
115 31.51360535621643
116 30.9377384185791
117 30.931489944458008
118 31.3910014629364
119 31.36719846725464


start testing (w attention)
[TEST] Iter: 0  PSNR: 26.09936237335205
[TEST] Iter: 1  PSNR: 27.08207368850708
[TEST] Iter: 2  PSNR: 27.56079912185669
avg testing rendering time: 61.87 
avg testing psnr: 26.91 


start testing (wo attention)
[TEST] Iter: 0  PSNR: 25.684325695037842
[TEST] Iter: 1  PSNR: 26.970396041870117
[TEST] Iter: 2  PSNR: 27.348978519439697
avg testing rendering time: 3.76 
avg testing psnr: 26.67 
